ARM Linker, 4.1 [Build 644] [Standard]

==============================================================================

Section Cross References

    stm32f10x.o(STACK) refers (Special) to heapauxi.o(.text) for __use_two_region_memory
    stm32f10x.o(HEAP) refers (Special) to heapauxi.o(.text) for __use_two_region_memory
    stm32f10x.o(RESET) refers (Special) to heapauxi.o(.text) for __use_two_region_memory
    stm32f10x.o(RESET) refers to stm32f10x.o(STACK) for __initial_sp
    stm32f10x.o(RESET) refers to stm32f10x.o(.text) for Reset_Handler
    stm32f10x.o(RESET) refers to main.o(.text) for SysTick_Handler
    stm32f10x.o(RESET) refers to uart0.o(.text) for USART2_IRQHandler
    stm32f10x.o(.text) refers (Special) to heapauxi.o(.text) for __use_two_region_memory
    stm32f10x.o(.text) refers to __main.o(!!!main) for __main
    stm32f10x.o(.text) refers to stm32f10x.o(HEAP) for Heap_Mem
    stm32f10x.o(.text) refers to stm32f10x.o(STACK) for Stack_Mem
    main.o(.text) refers to 24c01.o(.text) for _24c01_read_2byte
    main.o(.text) refers to at45.o(.text) for DF_page_to_buffer
    main.o(.text) refers to common_func.o(.text) for bin2bcd_int
    main.o(.text) refers to main.o(.data) for .data
    main.o(.text) refers to main.o(.bss) for .bss
    main.o(.text) refers to eeprom_map.o(.constdata) for ADR_EE_FILE
    main.o(.text) refers to eeprom_map.o(.constdata) for ADR_EE_LEN_FILE
    main.o(.text) refers to main.o(.constdata) for .constdata
    main.o(.text) refers to gran.o(.text) for gran_ring
    main.o(.text) refers to ibatton.o(.text) for ibatton_drv
    main.o(.text) refers to memo.o(.text) for memo_read
    main.o(.text) refers to stm32_init.o(.text) for stm32_Init
    main.o(.text) refers to uart0.o(.text) for uart_in2
    main.o(.text) refers to eeprom_map.o(.constdata) for ADR_EE_IBATTON
    main.o(.text) refers to uart0.o(.data) for bRXIN2
    main.o(.text) refers to ibatton.o(.data) for ibatton_repeat_cnt
    main.o(.text) refers to ibatton.o(.data) for ibatton_repeat_cnt_
    main.o(.text) refers to main.o(.constdata) for .constdata
    main.o(.text) refers to main.o(.data) for .data
    main.o(.text) refers to main.o(.constdata) for .constdata
    main.o(.text) refers to main.o(.data) for .data
    main.o(.text) refers to gran.o(.text) for gran_ring
    main.o(.text) refers to 24c01.o(.text) for _24c01_write_2byte
    main.o(.text) refers to main.o(.data) for .data
    main.o(.text) refers to main.o(.data) for .data
    main.o(.text) refers to gran.o(.text) for gran_ring
    main.o(.text) refers to main.o(.data) for .data
    common_func.o(.text) refers to main.o(.data) for dig
    common_func.o(.text) refers to main.o(.data) for zero_on
    at45.o(.text) refers to at45.o(.text) for df_spi_init
    ibatton.o(.text) refers to 24c01.o(.text) for _24c01_read_2byte
    ibatton.o(.text) refers to main.o(.text) for Delay
    ibatton.o(.text) refers to main.o(.data) for a
    ibatton.o(.text) refers to ibatton.o(.data) for .data
    ibatton.o(.text) refers to eeprom_map.o(.constdata) for ADR_EE_IBATTON
    ibatton.o(.text) refers to main.o(.bss) for i_batton
    ibatton.o(.text) refers to main.o(.data) for i_batton_num
    memo.o(.text) refers to 24c01.o(.text) for _24c01_read_2byte
    memo.o(.text) refers to memo.o(.data) for .data
    memo.o(.text) refers to main.o(.data) for Ku
    memo.o(.text) refers to main.o(.data) for i_batton_num
    memo.o(.text) refers to main.o(.data) for file_num
    memo.o(.text) refers to eeprom_map.o(.constdata) for ADR_EE_IBATTON
    memo.o(.text) refers to main.o(.bss) for i_batton
    24c01.o(.text) refers to i2c.o(.text) for i2c_Start
    24c01.o(.text) refers to i2c.o(.text) for i2c_Start
    i2c.o(.text) refers to main.o(.text) for delay_us
    uart0.o(.text) refers to uart0.o(.constdata) for .constdata
    uart0.o(.text) refers to uart0.o(.constdata) for .constdata
    uart0.o(.text) refers to 24c01.o(.text) for _24c01_read_2byte
    uart0.o(.text) refers to main.o(.text) for Delay
    uart0.o(.text) refers to at45.o(.text) for DF_mf_dev_read
    uart0.o(.text) refers to uart0.o(.data) for .data
    uart0.o(.text) refers to uart0.o(.bss) for .bss
    uart0.o(.text) refers to main.o(.bss) for buff
    uart0.o(.text) refers to main.o(.data) for file_lengt_in_pages
    uart0.o(.text) refers to main.o(.data) for file_num
    uart0.o(.text) refers to main.o(.data) for current_page_in_memory
    uart0.o(.text) refers to main.o(.data) for current_page_in_file
    uart0.o(.text) refers to main.o(.data) for file_lengt
    uart0.o(.text) refers to eeprom_map.o(.constdata) for ADR_EE_FILE
    uart0.o(.text) refers to eeprom_map.o(.constdata) for ADR_EE_LEN_FILE
    uart0.o(.text) refers to main.o(.data) for current_byte_in_buffer
    uart0.o(.text) refers to uart0.o(.text) for putchar2
    uart0.o(.text) refers to uart0.o(.data) for .data
    uart0.o(.text) refers to uart0.o(.bss) for .bss
    __main.o(!!!main) refers to rtentry.o(.ARM.Collect$$rtentry$$00000000) for __rt_entry
    rtentry.o(.ARM.Collect$$rtentry$$00000000) refers (Special) to rtentry2.o(.ARM.Collect$$rtentry$$0000000A) for __rt_entry_li
    rtentry.o(.ARM.Collect$$rtentry$$00000000) refers (Special) to rtentry2.o(.ARM.Collect$$rtentry$$0000000D) for __rt_entry_main
    rtentry.o(.ARM.Collect$$rtentry$$00000000) refers (Special) to rtentry2.o(.ARM.Collect$$rtentry$$0000000C) for __rt_entry_postli_1
    rtentry.o(.ARM.Collect$$rtentry$$00000000) refers (Special) to rtentry2.o(.ARM.Collect$$rtentry$$00000009) for __rt_entry_postsh_1
    rtentry.o(.ARM.Collect$$rtentry$$00000000) refers (Special) to rtentry2.o(.ARM.Collect$$rtentry$$00000002) for __rt_entry_presh_1
    rtentry.o(.ARM.Collect$$rtentry$$00000000) refers (Special) to rtentry4.o(.ARM.Collect$$rtentry$$00000004) for __rt_entry_sh
    rtentry.o(.ARM.exidx) refers (Special) to rtentry2.o(.ARM.Collect$$rtentry$$0000000A) for __rt_entry_li
    rtentry.o(.ARM.exidx) refers (Special) to rtentry2.o(.ARM.Collect$$rtentry$$0000000D) for __rt_entry_main
    rtentry.o(.ARM.exidx) refers (Special) to rtentry2.o(.ARM.Collect$$rtentry$$0000000C) for __rt_entry_postli_1
    rtentry.o(.ARM.exidx) refers (Special) to rtentry2.o(.ARM.Collect$$rtentry$$00000009) for __rt_entry_postsh_1
    rtentry.o(.ARM.exidx) refers (Special) to rtentry2.o(.ARM.Collect$$rtentry$$00000002) for __rt_entry_presh_1
    rtentry.o(.ARM.exidx) refers (Special) to rtentry4.o(.ARM.Collect$$rtentry$$00000004) for __rt_entry_sh
    rtentry.o(.ARM.exidx) refers to rtentry.o(.ARM.Collect$$rtentry$$00000000) for .ARM.Collect$$rtentry$$00000000
    rtentry2.o(.ARM.Collect$$rtentry$$00000008) refers to boardinit2.o(.text) for _platform_post_stackheap_init
    rtentry2.o(.ARM.Collect$$rtentry$$0000000A) refers to libinit.o(.ARM.Collect$$libinit$$00000000) for __rt_lib_init
    rtentry2.o(.ARM.Collect$$rtentry$$0000000B) refers to boardinit3.o(.text) for _platform_post_lib_init
    rtentry2.o(.ARM.Collect$$rtentry$$0000000D) refers to main.o(.text) for main
    rtentry2.o(.ARM.Collect$$rtentry$$0000000D) refers to exit.o(.text) for exit
    rtentry2.o(.ARM.exidx) refers to rtentry2.o(.ARM.Collect$$rtentry$$00000001) for .ARM.Collect$$rtentry$$00000001
    rtentry2.o(.ARM.exidx) refers to rtentry2.o(.ARM.Collect$$rtentry$$00000002) for .ARM.Collect$$rtentry$$00000002
    rtentry2.o(.ARM.exidx) refers to rtentry2.o(.ARM.Collect$$rtentry$$00000008) for .ARM.Collect$$rtentry$$00000008
    rtentry2.o(.ARM.exidx) refers to rtentry2.o(.ARM.Collect$$rtentry$$00000009) for .ARM.Collect$$rtentry$$00000009
    rtentry2.o(.ARM.exidx) refers to rtentry2.o(.ARM.Collect$$rtentry$$0000000A) for .ARM.Collect$$rtentry$$0000000A
    rtentry2.o(.ARM.exidx) refers to rtentry2.o(.ARM.Collect$$rtentry$$0000000B) for .ARM.Collect$$rtentry$$0000000B
    rtentry2.o(.ARM.exidx) refers to rtentry2.o(.ARM.Collect$$rtentry$$0000000C) for .ARM.Collect$$rtentry$$0000000C
    rtentry2.o(.ARM.exidx) refers to rtentry2.o(.ARM.Collect$$rtentry$$0000000D) for .ARM.Collect$$rtentry$$0000000D
    rtentry4.o(.ARM.Collect$$rtentry$$00000004) refers to sys_stackheap_outer.o(.text) for __user_setup_stackheap
    rtentry4.o(.ARM.exidx) refers to rtentry4.o(.ARM.Collect$$rtentry$$00000004) for .ARM.Collect$$rtentry$$00000004
    sys_stackheap_outer.o(.text) refers to libspace.o(.text) for __user_perproc_libspace
    sys_stackheap_outer.o(.text) refers to stm32f10x.o(.text) for __user_initial_stackheap
    exit.o(.text) refers to rtexit.o(.ARM.Collect$$rtexit$$00000000) for __rt_exit
    libinit.o(.ARM.Collect$$libinit$$00000000) refers (Special) to libinit2.o(.ARM.Collect$$libinit$$0000002A) for __rt_lib_init_alloca_1
    libinit.o(.ARM.Collect$$libinit$$00000000) refers (Special) to libinit2.o(.ARM.Collect$$libinit$$00000028) for __rt_lib_init_argv_1
    libinit.o(.ARM.Collect$$libinit$$00000000) refers (Special) to libinit2.o(.ARM.Collect$$libinit$$00000017) for __rt_lib_init_atexit_1
    libinit.o(.ARM.Collect$$libinit$$00000000) refers (Special) to libinit2.o(.ARM.Collect$$libinit$$0000001D) for __rt_lib_init_clock_1
    libinit.o(.ARM.Collect$$libinit$$00000000) refers (Special) to libinit2.o(.ARM.Collect$$libinit$$0000002E) for __rt_lib_init_cpp_1
    libinit.o(.ARM.Collect$$libinit$$00000000) refers (Special) to libinit2.o(.ARM.Collect$$libinit$$0000002C) for __rt_lib_init_exceptions_1
    libinit.o(.ARM.Collect$$libinit$$00000000) refers (Special) to libinit2.o(.ARM.Collect$$libinit$$0000001B) for __rt_lib_init_fp_trap_1
    libinit.o(.ARM.Collect$$libinit$$00000000) refers (Special) to libinit2.o(.ARM.Collect$$libinit$$0000001F) for __rt_lib_init_getenv_1
    libinit.o(.ARM.Collect$$libinit$$00000000) refers (Special) to libinit2.o(.ARM.Collect$$libinit$$00000006) for __rt_lib_init_heap_1
    libinit.o(.ARM.Collect$$libinit$$00000000) refers (Special) to libinit2.o(.ARM.Collect$$libinit$$0000000D) for __rt_lib_init_lc_collate_1
    libinit.o(.ARM.Collect$$libinit$$00000000) refers (Special) to libinit2.o(.ARM.Collect$$libinit$$0000000F) for __rt_lib_init_lc_ctype_1
    libinit.o(.ARM.Collect$$libinit$$00000000) refers (Special) to libinit2.o(.ARM.Collect$$libinit$$00000011) for __rt_lib_init_lc_monetary_1
    libinit.o(.ARM.Collect$$libinit$$00000000) refers (Special) to libinit2.o(.ARM.Collect$$libinit$$00000013) for __rt_lib_init_lc_numeric_1
    libinit.o(.ARM.Collect$$libinit$$00000000) refers (Special) to libinit2.o(.ARM.Collect$$libinit$$00000015) for __rt_lib_init_lc_time_1
    libinit.o(.ARM.Collect$$libinit$$00000000) refers (Special) to libinit2.o(.ARM.Collect$$libinit$$0000000A) for __rt_lib_init_rand_1
    libinit.o(.ARM.Collect$$libinit$$00000000) refers (Special) to libinit2.o(.ARM.Collect$$libinit$$0000002F) for __rt_lib_init_return
    libinit.o(.ARM.Collect$$libinit$$00000000) refers (Special) to libinit2.o(.ARM.Collect$$libinit$$00000019) for __rt_lib_init_signal_1
    libinit.o(.ARM.Collect$$libinit$$00000000) refers (Special) to libinit2.o(.ARM.Collect$$libinit$$00000021) for __rt_lib_init_stdio_1
    libinit.o(.ARM.Collect$$libinit$$00000000) refers (Special) to libinit2.o(.ARM.Collect$$libinit$$00000008) for __rt_lib_init_user_alloc_1
    libinit.o(.ARM.Collect$$libinit$$00000000) refers to fpinit.o(x$fpl$fpinit) for _fp_init
    libspace.o(.text) refers to libspace.o(.bss) for __libspace_start
    rtexit.o(.ARM.Collect$$rtexit$$00000000) refers (Special) to rtexit2.o(.ARM.Collect$$rtexit$$00000004) for __rt_exit_exit
    rtexit.o(.ARM.Collect$$rtexit$$00000000) refers (Special) to rtexit2.o(.ARM.Collect$$rtexit$$00000003) for __rt_exit_ls
    rtexit.o(.ARM.Collect$$rtexit$$00000000) refers (Special) to rtexit2.o(.ARM.Collect$$rtexit$$00000002) for __rt_exit_prels_1
    rtexit.o(.ARM.exidx) refers (Special) to rtexit2.o(.ARM.Collect$$rtexit$$00000004) for __rt_exit_exit
    rtexit.o(.ARM.exidx) refers (Special) to rtexit2.o(.ARM.Collect$$rtexit$$00000003) for __rt_exit_ls
    rtexit.o(.ARM.exidx) refers (Special) to rtexit2.o(.ARM.Collect$$rtexit$$00000002) for __rt_exit_prels_1
    rtexit.o(.ARM.exidx) refers to rtexit.o(.ARM.Collect$$rtexit$$00000000) for .ARM.Collect$$rtexit$$00000000
    libinit2.o(.ARM.Collect$$libinit$$0000000C) refers to libinit2.o(.ARM.Collect$$libinit$$0000000B) for .ARM.Collect$$libinit$$0000000B
    libinit2.o(.ARM.Collect$$libinit$$0000000E) refers to libinit2.o(.ARM.Collect$$libinit$$0000000B) for .ARM.Collect$$libinit$$0000000B
    libinit2.o(.ARM.Collect$$libinit$$00000010) refers to libinit2.o(.ARM.Collect$$libinit$$0000000B) for .ARM.Collect$$libinit$$0000000B
    libinit2.o(.ARM.Collect$$libinit$$00000012) refers to libinit2.o(.ARM.Collect$$libinit$$0000000B) for .ARM.Collect$$libinit$$0000000B
    libinit2.o(.ARM.Collect$$libinit$$00000014) refers to libinit2.o(.ARM.Collect$$libinit$$0000000B) for .ARM.Collect$$libinit$$0000000B
    libinit2.o(.ARM.Collect$$libinit$$00000022) refers to argv_veneer.o(.emb_text) for __ARM_argv_veneer
    libinit2.o(.ARM.Collect$$libinit$$00000023) refers to argv_veneer.o(.emb_text) for __ARM_argv_veneer
    fpinit.o(x$fpl$fpinit) refers to rt_fp_status_addr_intlibspace.o(.text) for __rt_fp_status_addr
    rtexit2.o(.ARM.Collect$$rtexit$$00000003) refers to libshutdown.o(.ARM.Collect$$libshutdown$$00000000) for __rt_lib_shutdown
    rtexit2.o(.ARM.Collect$$rtexit$$00000004) refers to sys_exit.o(.text) for _sys_exit
    rtexit2.o(.ARM.exidx) refers to rtexit2.o(.ARM.Collect$$rtexit$$00000001) for .ARM.Collect$$rtexit$$00000001
    rtexit2.o(.ARM.exidx) refers to rtexit2.o(.ARM.Collect$$rtexit$$00000002) for .ARM.Collect$$rtexit$$00000002
    rtexit2.o(.ARM.exidx) refers to rtexit2.o(.ARM.Collect$$rtexit$$00000003) for .ARM.Collect$$rtexit$$00000003
    rtexit2.o(.ARM.exidx) refers to rtexit2.o(.ARM.Collect$$rtexit$$00000004) for .ARM.Collect$$rtexit$$00000004
    rt_fp_status_addr.o(.text) refers to rt_fp_status_addr.o(.bss) for __rt_fp_status_addr_data
    rt_fp_status_addr_intlibspace.o(.text) refers to libspace.o(.bss) for __libspace_start
    argv_veneer.o(.emb_text) refers to no_argv.o(.text) for __ARM_get_argv
    sys_exit.o(.text) refers (Special) to use_no_semi.o(.text) for __I$use$semihosting
    _get_argv_nomalloc.o(.text) refers (Special) to hrguard.o(.text) for __heap_region$guard
    _get_argv_nomalloc.o(.text) refers to defsig_rtmem_outer.o(.text) for __rt_SIGRTMEM
    _get_argv_nomalloc.o(.text) refers to sys_command.o(.text) for _sys_command_string
    libshutdown.o(.ARM.Collect$$libshutdown$$00000000) refers (Special) to libshutdown2.o(.ARM.Collect$$libshutdown$$00000006) for __rt_lib_shutdown_fp_trap_1
    libshutdown.o(.ARM.Collect$$libshutdown$$00000000) refers (Special) to libshutdown2.o(.ARM.Collect$$libshutdown$$0000000E) for __rt_lib_shutdown_heap_1
    libshutdown.o(.ARM.Collect$$libshutdown$$00000000) refers (Special) to libshutdown2.o(.ARM.Collect$$libshutdown$$0000000F) for __rt_lib_shutdown_return
    libshutdown.o(.ARM.Collect$$libshutdown$$00000000) refers (Special) to libshutdown2.o(.ARM.Collect$$libshutdown$$00000009) for __rt_lib_shutdown_signal_1
    libshutdown.o(.ARM.Collect$$libshutdown$$00000000) refers (Special) to libshutdown2.o(.ARM.Collect$$libshutdown$$00000003) for __rt_lib_shutdown_stdio_1
    libshutdown.o(.ARM.Collect$$libshutdown$$00000000) refers (Special) to libshutdown2.o(.ARM.Collect$$libshutdown$$0000000B) for __rt_lib_shutdown_user_alloc_1
    sys_command.o(.text) refers (Special) to use_no_semi.o(.text) for __I$use$semihosting
    defsig_rtmem_outer.o(.text) refers to defsig_rtmem_inner.o(.text) for __rt_SIGRTMEM_inner
    defsig_rtmem_outer.o(.text) refers to defsig_exit.o(.text) for __sig_exit
    defsig_rtmem_formal.o(.text) refers to rt_raise.o(.text) for __rt_raise
    rt_raise.o(.text) refers to __raise.o(.text) for __raise
    rt_raise.o(.text) refers to sys_exit.o(.text) for _sys_exit
    defsig_exit.o(.text) refers to sys_exit.o(.text) for _sys_exit
    defsig_rtmem_inner.o(.text) refers to defsig_general.o(.text) for __default_signal_display
    __raise.o(.text) refers to defsig.o(CL$$defsig) for __default_signal_handler
    defsig_general.o(.text) refers to sys_wrch.o(.text) for _ttywrch
    sys_wrch.o(.text) refers (Special) to use_no_semi.o(.text) for __I$use$semihosting
    defsig.o(CL$$defsig) refers to defsig_rtmem_inner.o(.text) for __rt_SIGRTMEM_inner
    defsig_abrt_inner.o(.text) refers to defsig_general.o(.text) for __default_signal_display
    defsig_fpe_inner.o(.text) refers to defsig_general.o(.text) for __default_signal_display
    defsig_rtred_inner.o(.text) refers to defsig_general.o(.text) for __default_signal_display
    defsig_stak_inner.o(.text) refers to defsig_general.o(.text) for __default_signal_display
    defsig_pvfn_inner.o(.text) refers to defsig_general.o(.text) for __default_signal_display
    defsig_cppl_inner.o(.text) refers to defsig_general.o(.text) for __default_signal_display
    defsig_segv_inner.o(.text) refers to defsig_general.o(.text) for __default_signal_display
    defsig_other.o(.text) refers to defsig_general.o(.text) for __default_signal_display


==============================================================================

Removing Unused input sections from the image.

    Removing stm32_init.o(.text), (8 bytes).
    Removing stm32_init.o(.text), (8 bytes).
    Removing main.o(.text), (112 bytes).
    Removing main.o(.text), (84 bytes).
    Removing main.o(.text), (136 bytes).
    Removing main.o(.text), (112 bytes).
    Removing main.o(.text), (64 bytes).
    Removing main.o(.bss), (50 bytes).
    Removing main.o(.bss), (63 bytes).
    Removing main.o(.constdata), (17 bytes).
    Removing main.o(.constdata), (21 bytes).
    Removing main.o(.constdata), (21 bytes).
    Removing main.o(.constdata), (5 bytes).
    Removing main.o(.constdata), (5 bytes).
    Removing main.o(.constdata), (52 bytes).
    Removing main.o(.data), (1 bytes).
    Removing main.o(.data), (1 bytes).
    Removing main.o(.data), (1 bytes).
    Removing main.o(.data), (2 bytes).
    Removing main.o(.data), (2 bytes).
    Removing main.o(.data), (2 bytes).
    Removing main.o(.data), (1 bytes).
    Removing main.o(.data), (1 bytes).
    Removing main.o(.data), (1 bytes).
    Removing main.o(.data), (1 bytes).
    Removing main.o(.data), (1 bytes).
    Removing main.o(.data), (1 bytes).
    Removing main.o(.data), (2 bytes).
    Removing main.o(.data), (2 bytes).
    Removing main.o(.data), (1 bytes).
    Removing main.o(.data), (1 bytes).
    Removing main.o(.data), (2 bytes).
    Removing main.o(.data), (2 bytes).
    Removing main.o(.data), (2 bytes).
    Removing main.o(.data), (1 bytes).
    Removing main.o(.data), (1 bytes).
    Removing main.o(.data), (2 bytes).
    Removing main.o(.data), (2 bytes).
    Removing main.o(.data), (2 bytes).
    Removing main.o(.data), (1 bytes).
    Removing main.o(.data), (1 bytes).
    Removing main.o(.data), (2 bytes).
    Removing main.o(.data), (2 bytes).
    Removing main.o(.data), (2 bytes).
    Removing main.o(.data), (2 bytes).
    Removing main.o(.data), (1 bytes).
    Removing main.o(.data), (1 bytes).
    Removing main.o(.data), (1 bytes).
    Removing main.o(.data), (4 bytes).
    Removing main.o(.data), (2 bytes).
    Removing main.o(.data), (2 bytes).
    Removing common_func.o(.text), (10 bytes).
    Removing common_func.o(.text), (72 bytes).
    Removing common_func.o(.text), (18 bytes).
    Removing at45.o(.text), (60 bytes).
    Removing 24c01.o(.text), (2 bytes).
    Removing 24c01.o(.text), (100 bytes).
    Removing i2c.o(.text), (48 bytes).
    Removing spi_stm32f103.o(.text), (104 bytes).
    Removing spi_stm32f103.o(.text), (28 bytes).
    Removing spi_stm32f103.o(.text), (16 bytes).
    Removing spi_stm32f103.o(.text), (28 bytes).
    Removing uart0.o(.text), (36 bytes).
    Removing uart0.o(.text), (36 bytes).
    Removing uart0.o(.text), (62 bytes).
    Removing uart0.o(.text), (44 bytes).
    Removing uart0.o(.constdata), (512 bytes).
    Removing uart0.o(.data), (1 bytes).

68 unused section(s) (total 1991 bytes) removed from the image.

==============================================================================

Image Symbol Table

    Local Symbols

    Symbol Name                              Value     Ov Type        Size  Object(Section)

    ../../angel/boardlib.s                   0x00000000   Number         0  boardinit2.o ABSOLUTE
    ../../angel/boardlib.s                   0x00000000   Number         0  boardshut.o ABSOLUTE
    ../../angel/boardlib.s                   0x00000000   Number         0  boardinit3.o ABSOLUTE
    ../../angel/boardlib.s                   0x00000000   Number         0  boardinit1.o ABSOLUTE
    ../../angel/handlers.s                   0x00000000   Number         0  __scatter_zi.o ABSOLUTE
    ../../angel/handlers.s                   0x00000000   Number         0  __scatter_copy.o ABSOLUTE
    ../../angel/kernel.s                     0x00000000   Number         0  rtentry4.o ABSOLUTE
    ../../angel/kernel.s                     0x00000000   Number         0  rtexit2.o ABSOLUTE
    ../../angel/kernel.s                     0x00000000   Number         0  rtentry2.o ABSOLUTE
    ../../angel/kernel.s                     0x00000000   Number         0  rtentry.o ABSOLUTE
    ../../angel/kernel.s                     0x00000000   Number         0  rtexit.o ABSOLUTE
    ../../angel/rt.s                         0x00000000   Number         0  rt_fp_status_addr_intlibspace.o ABSOLUTE
    ../../angel/rt.s                         0x00000000   Number         0  rt_fp_status_addr.o ABSOLUTE
    ../../angel/rt.s                         0x00000000   Number         0  rt_raise.o ABSOLUTE
    ../../angel/scatter.s                    0x00000000   Number         0  __scatter.o ABSOLUTE
    ../../angel/startup.s                    0x00000000   Number         0  __main.o ABSOLUTE
    ../../angel/sys.s                        0x00000000   Number         0  use_no_semi.o ABSOLUTE
    ../../angel/sys.s                        0x00000000   Number         0  libspace.o ABSOLUTE
    ../../angel/sys.s                        0x00000000   Number         0  sys_stackheap_outer.o ABSOLUTE
    ../../angel/sysapp.c                     0x00000000   Number         0  sys_wrch.o ABSOLUTE
    ../../angel/sysapp.c                     0x00000000   Number         0  sys_exit.o ABSOLUTE
    ../../angel/sysapp.c                     0x00000000   Number         0  sys_command.o ABSOLUTE
    ../../armsys.c                           0x00000000   Number         0  argv_veneer.o ABSOLUTE
    ../../armsys.c                           0x00000000   Number         0  no_argv.o ABSOLUTE
    ../../armsys.c                           0x00000000   Number         0  _get_argv_nomalloc.o ABSOLUTE
    ../../armsys.c                           0x00000000   Number         0  argv_veneer.o ABSOLUTE
    ../../fpinit.s                           0x00000000   Number         0  fpinit.o ABSOLUTE
    ../../heapalloc.c                        0x00000000   Number         0  hrguard.o ABSOLUTE
    ../../heapaux.c                          0x00000000   Number         0  heapauxi.o ABSOLUTE
    ../../libinit.s                          0x00000000   Number         0  libinit.o ABSOLUTE
    ../../libinit.s                          0x00000000   Number         0  libshutdown2.o ABSOLUTE
    ../../libinit.s                          0x00000000   Number         0  libinit2.o ABSOLUTE
    ../../libinit.s                          0x00000000   Number         0  libshutdown.o ABSOLUTE
    ../../signal.c                           0x00000000   Number         0  defsig_pvfn_inner.o ABSOLUTE
    ../../signal.c                           0x00000000   Number         0  defsig_stak_inner.o ABSOLUTE
    ../../signal.c                           0x00000000   Number         0  defsig_rtred_inner.o ABSOLUTE
    ../../signal.c                           0x00000000   Number         0  defsig_fpe_inner.o ABSOLUTE
    ../../signal.c                           0x00000000   Number         0  __raise.o ABSOLUTE
    ../../signal.c                           0x00000000   Number         0  defsig_segv_inner.o ABSOLUTE
    ../../signal.c                           0x00000000   Number         0  defsig_other.o ABSOLUTE
    ../../signal.c                           0x00000000   Number         0  defsig_general.o ABSOLUTE
    ../../signal.c                           0x00000000   Number         0  defsig_cppl_inner.o ABSOLUTE
    ../../signal.c                           0x00000000   Number         0  defsig_rtmem_outer.o ABSOLUTE
    ../../signal.c                           0x00000000   Number         0  defsig_rtmem_inner.o ABSOLUTE
    ../../signal.c                           0x00000000   Number         0  defsig_rtmem_formal.o ABSOLUTE
    ../../signal.c                           0x00000000   Number         0  defsig_abrt_inner.o ABSOLUTE
    ../../signal.c                           0x00000000   Number         0  defsig_exit.o ABSOLUTE
    ../../signal.s                           0x00000000   Number         0  defsig.o ABSOLUTE
    ../../stdlib.c                           0x00000000   Number         0  exit.o ABSOLUTE
    24c01.c                                  0x00000000   Number         0  24c01.o ABSOLUTE
    SPI_STM32F103.c                          0x00000000   Number         0  spi_stm32f103.o ABSOLUTE
    STM32F10x.s                              0x00000000   Number         0  stm32f10x.o ABSOLUTE
    STM32_Init.c                             0x00000000   Number         0  stm32_init.o ABSOLUTE
    at45.c                                   0x00000000   Number         0  at45.o ABSOLUTE
    cmd.c                                    0x00000000   Number         0  cmd.o ABSOLUTE
    common_func.c                            0x00000000   Number         0  common_func.o ABSOLUTE
    dc.s                                     0x00000000   Number         0  dc.o ABSOLUTE
    eeprom_map.c                             0x00000000   Number         0  eeprom_map.o ABSOLUTE
    gran.c                                   0x00000000   Number         0  gran.o ABSOLUTE
    i2c.c                                    0x00000000   Number         0  i2c.o ABSOLUTE
    ibatton.c                                0x00000000   Number         0  ibatton.o ABSOLUTE
    main.c                                   0x00000000   Number         0  main.o ABSOLUTE
    memo.c                                   0x00000000   Number         0  memo.o ABSOLUTE
    uart0.c                                  0x00000000   Number         0  uart0.o ABSOLUTE
    RESET                                    0x08000000   Section      236  stm32f10x.o(RESET)
    !!!main                                  0x080000ec   Section        8  __main.o(!!!main)
    !!!scatter                               0x080000f4   Section       52  __scatter.o(!!!scatter)
    !!handler_copy                           0x08000128   Section       26  __scatter_copy.o(!!handler_copy)
    !!handler_zi                             0x08000144   Section       28  __scatter_zi.o(!!handler_zi)
    .ARM.Collect$$libinit$$00000000          0x08000160   Section        6  libinit.o(.ARM.Collect$$libinit$$00000000)
    .ARM.Collect$$libinit$$00000006          0x08000166   Section        0  libinit2.o(.ARM.Collect$$libinit$$00000006)
    .ARM.Collect$$libinit$$00000008          0x08000166   Section        0  libinit2.o(.ARM.Collect$$libinit$$00000008)
    .ARM.Collect$$libinit$$0000000A          0x08000166   Section        0  libinit2.o(.ARM.Collect$$libinit$$0000000A)
    .ARM.Collect$$libinit$$0000000D          0x08000166   Section        0  libinit2.o(.ARM.Collect$$libinit$$0000000D)
    .ARM.Collect$$libinit$$0000000F          0x08000166   Section        0  libinit2.o(.ARM.Collect$$libinit$$0000000F)
    .ARM.Collect$$libinit$$00000011          0x08000166   Section        0  libinit2.o(.ARM.Collect$$libinit$$00000011)
    .ARM.Collect$$libinit$$00000013          0x08000166   Section        0  libinit2.o(.ARM.Collect$$libinit$$00000013)
    .ARM.Collect$$libinit$$00000015          0x08000166   Section        0  libinit2.o(.ARM.Collect$$libinit$$00000015)
    .ARM.Collect$$libinit$$00000017          0x08000166   Section        0  libinit2.o(.ARM.Collect$$libinit$$00000017)
    .ARM.Collect$$libinit$$00000019          0x08000166   Section        0  libinit2.o(.ARM.Collect$$libinit$$00000019)
    .ARM.Collect$$libinit$$0000001B          0x08000166   Section        0  libinit2.o(.ARM.Collect$$libinit$$0000001B)
    .ARM.Collect$$libinit$$0000001D          0x08000166   Section        0  libinit2.o(.ARM.Collect$$libinit$$0000001D)
    .ARM.Collect$$libinit$$0000001F          0x08000166   Section        0  libinit2.o(.ARM.Collect$$libinit$$0000001F)
    .ARM.Collect$$libinit$$00000021          0x08000166   Section        0  libinit2.o(.ARM.Collect$$libinit$$00000021)
    .ARM.Collect$$libinit$$00000028          0x08000166   Section        0  libinit2.o(.ARM.Collect$$libinit$$00000028)
    .ARM.Collect$$libinit$$0000002A          0x08000166   Section        0  libinit2.o(.ARM.Collect$$libinit$$0000002A)
    .ARM.Collect$$libinit$$0000002C          0x08000166   Section        0  libinit2.o(.ARM.Collect$$libinit$$0000002C)
    .ARM.Collect$$libinit$$0000002E          0x08000166   Section        0  libinit2.o(.ARM.Collect$$libinit$$0000002E)
    .ARM.Collect$$libinit$$0000002F          0x08000166   Section        2  libinit2.o(.ARM.Collect$$libinit$$0000002F)
    .ARM.Collect$$libshutdown$$00000000      0x08000168   Section        2  libshutdown.o(.ARM.Collect$$libshutdown$$00000000)
    .ARM.Collect$$libshutdown$$00000003      0x0800016a   Section        0  libshutdown2.o(.ARM.Collect$$libshutdown$$00000003)
    .ARM.Collect$$libshutdown$$00000006      0x0800016a   Section        0  libshutdown2.o(.ARM.Collect$$libshutdown$$00000006)
    .ARM.Collect$$libshutdown$$00000009      0x0800016a   Section        0  libshutdown2.o(.ARM.Collect$$libshutdown$$00000009)
    .ARM.Collect$$libshutdown$$0000000B      0x0800016a   Section        0  libshutdown2.o(.ARM.Collect$$libshutdown$$0000000B)
    .ARM.Collect$$libshutdown$$0000000E      0x0800016a   Section        0  libshutdown2.o(.ARM.Collect$$libshutdown$$0000000E)
    .ARM.Collect$$libshutdown$$0000000F      0x0800016a   Section        2  libshutdown2.o(.ARM.Collect$$libshutdown$$0000000F)
    .ARM.Collect$$rtentry$$00000000          0x0800016c   Section        0  rtentry.o(.ARM.Collect$$rtentry$$00000000)
    .ARM.Collect$$rtentry$$00000002          0x0800016c   Section        0  rtentry2.o(.ARM.Collect$$rtentry$$00000002)
    .ARM.Collect$$rtentry$$00000004          0x0800016c   Section        6  rtentry4.o(.ARM.Collect$$rtentry$$00000004)
    .ARM.Collect$$rtentry$$00000009          0x08000172   Section        0  rtentry2.o(.ARM.Collect$$rtentry$$00000009)
    .ARM.Collect$$rtentry$$0000000A          0x08000172   Section        4  rtentry2.o(.ARM.Collect$$rtentry$$0000000A)
    .ARM.Collect$$rtentry$$0000000C          0x08000176   Section        0  rtentry2.o(.ARM.Collect$$rtentry$$0000000C)
    .ARM.Collect$$rtentry$$0000000D          0x08000176   Section        8  rtentry2.o(.ARM.Collect$$rtentry$$0000000D)
    .ARM.Collect$$rtexit$$00000000           0x0800017e   Section        2  rtexit.o(.ARM.Collect$$rtexit$$00000000)
    .ARM.Collect$$rtexit$$00000002           0x08000180   Section        0  rtexit2.o(.ARM.Collect$$rtexit$$00000002)
    .ARM.Collect$$rtexit$$00000003           0x08000180   Section        4  rtexit2.o(.ARM.Collect$$rtexit$$00000003)
    .ARM.Collect$$rtexit$$00000004           0x08000184   Section        6  rtexit2.o(.ARM.Collect$$rtexit$$00000004)
    .text                                    0x0800018c   Section       52  stm32f10x.o(.text)
    .text                                    0x080001c0   Section        0  stm32_init.o(.text)
    stm32_UsartSetup                         0x08000225   Thumb Code   136  stm32_init.o(.text)
    .text                                    0x080002d8   Section        0  main.o(.text)
    .text                                    0x08001010   Section        0  common_func.o(.text)
    .text                                    0x08001034   Section        0  at45.o(.text)
    .text                                    0x0800125c   Section        0  ibatton.o(.text)
    .text                                    0x08001690   Section        0  memo.o(.text)
    .text                                    0x080017b8   Section        0  24c01.o(.text)
    .text                                    0x08001928   Section        0  i2c.o(.text)
    .text                                    0x08001b6c   Section        0  gran.o(.text)
    .text                                    0x08001bc4   Section        0  uart0.o(.text)
    .text                                    0x080025b4   Section        0  heapauxi.o(.text)
    .text                                    0x080025ba   Section       74  sys_stackheap_outer.o(.text)
    .text                                    0x08002604   Section        0  exit.o(.text)
    .text                                    0x08002610   Section        8  libspace.o(.text)
    .text                                    0x08002618   Section        8  rt_fp_status_addr_intlibspace.o(.text)
    .text                                    0x08002620   Section        0  sys_exit.o(.text)
    .text                                    0x0800262c   Section        2  use_no_semi.o(.text)
    x$fpl$fpinit                             0x0800262e   Section       14  fpinit.o(x$fpl$fpinit)
    .constdata                               0x0800263c   Section       30  main.o(.constdata)
    .constdata                               0x0800265a   Section       20  eeprom_map.o(.constdata)
    .constdata                               0x0800266e   Section       20  eeprom_map.o(.constdata)
    .constdata                               0x08002682   Section       20  eeprom_map.o(.constdata)
    .data                                    0x20000000   Section      134  main.o(.data)
    .data                                    0x20000086   Section        2  main.o(.data)
    .data                                    0x20000088   Section        4  main.o(.data)
    .data                                    0x2000008c   Section        2  main.o(.data)
    .data                                    0x2000008e   Section        2  main.o(.data)
    .data                                    0x20000090   Section        2  main.o(.data)
    .data                                    0x20000092   Section        2  main.o(.data)
    .data                                    0x20000094   Section       33  ibatton.o(.data)
    .data                                    0x200000b6   Section        2  ibatton.o(.data)
    .data                                    0x200000b8   Section        1  memo.o(.data)
    .data                                    0x200000ba   Section       21  uart0.o(.data)
    .bss                                     0x200000d0   Section      604  main.o(.bss)
    .bss                                     0x2000032c   Section     1024  main.o(.bss)
    .bss                                     0x2000072c   Section     1174  uart0.o(.bss)
    .bss                                     0x20000bc4   Section       96  libspace.o(.bss)
    HEAP                                     0x20000c28   Section        0  stm32f10x.o(HEAP)
    STACK                                    0x20000c28   Section      512  stm32f10x.o(STACK)
    Heap_Mem                                 0x20000c28   Data           0  stm32f10x.o(HEAP)
    Stack_Mem                                0x20000c28   Data         512  stm32f10x.o(STACK)
    __initial_sp                             0x20000e28   Data           0  stm32f10x.o(STACK)

    Global Symbols

    Symbol Name                              Value     Ov Type        Size  Object(Section)

    BuildAttributes$$THM_ISAv4$P$D$K$B$S$PE$A:L22UL41UL21$X:L11$S22US41US21$IEEE1$IW$USESV6$~STKCKD$USESV7$~SHL$OSPACE$ROPI$EBA8$UX$STANDARDLIB$REQ8$PRES8$EABIv2 0x00000000   Number         0  anon$$obj.o ABSOLUTE
    __ARM_use_no_argv                        0x00000000   Number         0  main.o ABSOLUTE
    __ARM_exceptions_init                     - Undefined Weak Reference
    __alloca_initialize                       - Undefined Weak Reference
    __cpp_initialize__aeabi_                  - Undefined Weak Reference
    __cxa_finalize                            - Undefined Weak Reference
    __rt_locale                               - Undefined Weak Reference
    __sigvec_lookup                           - Undefined Weak Reference
    _atexit_init                              - Undefined Weak Reference
    _call_atexit_fns                          - Undefined Weak Reference
    _clock_init                               - Undefined Weak Reference
    _fp_trap_init                             - Undefined Weak Reference
    _fp_trap_shutdown                         - Undefined Weak Reference
    _get_lc_collate                           - Undefined Weak Reference
    _get_lc_ctype                             - Undefined Weak Reference
    _get_lc_monetary                          - Undefined Weak Reference
    _get_lc_numeric                           - Undefined Weak Reference
    _get_lc_time                              - Undefined Weak Reference
    _getenv_init                              - Undefined Weak Reference
    _handle_redirection                       - Undefined Weak Reference
    _init_alloc                               - Undefined Weak Reference
    _init_user_alloc                          - Undefined Weak Reference
    _initio                                   - Undefined Weak Reference
    _rand_init                                - Undefined Weak Reference
    _signal_finish                            - Undefined Weak Reference
    _signal_init                              - Undefined Weak Reference
    _terminate_alloc                          - Undefined Weak Reference
    _terminate_user_alloc                     - Undefined Weak Reference
    _terminateio                              - Undefined Weak Reference
    __Vectors                                0x08000000   Data           4  stm32f10x.o(RESET)
    __main                                   0x080000ed   Thumb Code     8  __main.o(!!!main)
    __scatterload                            0x080000f5   Thumb Code     0  __scatter.o(!!!scatter)
    __scatterload_rt2                        0x080000f5   Thumb Code    44  __scatter.o(!!!scatter)
    __scatterload_rt2_thumb_only             0x080000f5   Thumb Code     0  __scatter.o(!!!scatter)
    __scatterload_null                       0x08000103   Thumb Code     0  __scatter.o(!!!scatter)
    __scatterload_copy                       0x08000129   Thumb Code    26  __scatter_copy.o(!!handler_copy)
    __scatterload_zeroinit                   0x08000145   Thumb Code    28  __scatter_zi.o(!!handler_zi)
    __rt_lib_init                            0x08000161   Thumb Code     0  libinit.o(.ARM.Collect$$libinit$$00000000)
    __rt_lib_init_alloca_1                   0x08000167   Thumb Code     0  libinit2.o(.ARM.Collect$$libinit$$0000002A)
    __rt_lib_init_argv_1                     0x08000167   Thumb Code     0  libinit2.o(.ARM.Collect$$libinit$$00000028)
    __rt_lib_init_atexit_1                   0x08000167   Thumb Code     0  libinit2.o(.ARM.Collect$$libinit$$00000017)
    __rt_lib_init_clock_1                    0x08000167   Thumb Code     0  libinit2.o(.ARM.Collect$$libinit$$0000001D)
    __rt_lib_init_cpp_1                      0x08000167   Thumb Code     0  libinit2.o(.ARM.Collect$$libinit$$0000002E)
    __rt_lib_init_exceptions_1               0x08000167   Thumb Code     0  libinit2.o(.ARM.Collect$$libinit$$0000002C)
    __rt_lib_init_fp_trap_1                  0x08000167   Thumb Code     0  libinit2.o(.ARM.Collect$$libinit$$0000001B)
    __rt_lib_init_getenv_1                   0x08000167   Thumb Code     0  libinit2.o(.ARM.Collect$$libinit$$0000001F)
    __rt_lib_init_heap_1                     0x08000167   Thumb Code     0  libinit2.o(.ARM.Collect$$libinit$$00000006)
    __rt_lib_init_lc_collate_1               0x08000167   Thumb Code     0  libinit2.o(.ARM.Collect$$libinit$$0000000D)
    __rt_lib_init_lc_ctype_1                 0x08000167   Thumb Code     0  libinit2.o(.ARM.Collect$$libinit$$0000000F)
    __rt_lib_init_lc_monetary_1              0x08000167   Thumb Code     0  libinit2.o(.ARM.Collect$$libinit$$00000011)
    __rt_lib_init_lc_numeric_1               0x08000167   Thumb Code     0  libinit2.o(.ARM.Collect$$libinit$$00000013)
    __rt_lib_init_lc_time_1                  0x08000167   Thumb Code     0  libinit2.o(.ARM.Collect$$libinit$$00000015)
    __rt_lib_init_rand_1                     0x08000167   Thumb Code     0  libinit2.o(.ARM.Collect$$libinit$$0000000A)
    __rt_lib_init_return                     0x08000167   Thumb Code     0  libinit2.o(.ARM.Collect$$libinit$$0000002F)
    __rt_lib_init_signal_1                   0x08000167   Thumb Code     0  libinit2.o(.ARM.Collect$$libinit$$00000019)
    __rt_lib_init_stdio_1                    0x08000167   Thumb Code     0  libinit2.o(.ARM.Collect$$libinit$$00000021)
    __rt_lib_init_user_alloc_1               0x08000167   Thumb Code     0  libinit2.o(.ARM.Collect$$libinit$$00000008)
    __rt_lib_shutdown                        0x08000169   Thumb Code     0  libshutdown.o(.ARM.Collect$$libshutdown$$00000000)
    __rt_lib_shutdown_fp_trap_1              0x0800016b   Thumb Code     0  libshutdown2.o(.ARM.Collect$$libshutdown$$00000006)
    __rt_lib_shutdown_heap_1                 0x0800016b   Thumb Code     0  libshutdown2.o(.ARM.Collect$$libshutdown$$0000000E)
    __rt_lib_shutdown_return                 0x0800016b   Thumb Code     0  libshutdown2.o(.ARM.Collect$$libshutdown$$0000000F)
    __rt_lib_shutdown_signal_1               0x0800016b   Thumb Code     0  libshutdown2.o(.ARM.Collect$$libshutdown$$00000009)
    __rt_lib_shutdown_stdio_1                0x0800016b   Thumb Code     0  libshutdown2.o(.ARM.Collect$$libshutdown$$00000003)
    __rt_lib_shutdown_user_alloc_1           0x0800016b   Thumb Code     0  libshutdown2.o(.ARM.Collect$$libshutdown$$0000000B)
    __rt_entry                               0x0800016d   Thumb Code     0  rtentry.o(.ARM.Collect$$rtentry$$00000000)
    __rt_entry_presh_1                       0x0800016d   Thumb Code     0  rtentry2.o(.ARM.Collect$$rtentry$$00000002)
    __rt_entry_sh                            0x0800016d   Thumb Code     0  rtentry4.o(.ARM.Collect$$rtentry$$00000004)
    __rt_entry_li                            0x08000173   Thumb Code     0  rtentry2.o(.ARM.Collect$$rtentry$$0000000A)
    __rt_entry_postsh_1                      0x08000173   Thumb Code     0  rtentry2.o(.ARM.Collect$$rtentry$$00000009)
    __rt_entry_main                          0x08000177   Thumb Code     0  rtentry2.o(.ARM.Collect$$rtentry$$0000000D)
    __rt_entry_postli_1                      0x08000177   Thumb Code     0  rtentry2.o(.ARM.Collect$$rtentry$$0000000C)
    __rt_exit                                0x0800017f   Thumb Code     0  rtexit.o(.ARM.Collect$$rtexit$$00000000)
    __rt_exit_ls                             0x08000181   Thumb Code     0  rtexit2.o(.ARM.Collect$$rtexit$$00000003)
    __rt_exit_prels_1                        0x08000181   Thumb Code     0  rtexit2.o(.ARM.Collect$$rtexit$$00000002)
    __rt_exit_exit                           0x08000185   Thumb Code     0  rtexit2.o(.ARM.Collect$$rtexit$$00000004)
    Reset_Handler                            0x0800018d   Thumb Code     4  stm32f10x.o(.text)
    NMI_Handler                              0x08000191   Thumb Code     2  stm32f10x.o(.text)
    HardFault_Handler                        0x08000193   Thumb Code     2  stm32f10x.o(.text)
    MemManage_Handler                        0x08000195   Thumb Code     2  stm32f10x.o(.text)
    BusFault_Handler                         0x08000197   Thumb Code     2  stm32f10x.o(.text)
    UsageFault_Handler                       0x08000199   Thumb Code     2  stm32f10x.o(.text)
    SVC_Handler                              0x0800019b   Thumb Code     2  stm32f10x.o(.text)
    DebugMon_Handler                         0x0800019d   Thumb Code     2  stm32f10x.o(.text)
    PendSV_Handler                           0x0800019f   Thumb Code     2  stm32f10x.o(.text)
    ADC_IRQHandler                           0x080001a3   Thumb Code     0  stm32f10x.o(.text)
    CAN_RX1_IRQHandler                       0x080001a3   Thumb Code     0  stm32f10x.o(.text)
    CAN_SCE_IRQHandler                       0x080001a3   Thumb Code     0  stm32f10x.o(.text)
    DMAChannel1_IRQHandler                   0x080001a3   Thumb Code     0  stm32f10x.o(.text)
    DMAChannel2_IRQHandler                   0x080001a3   Thumb Code     0  stm32f10x.o(.text)
    DMAChannel3_IRQHandler                   0x080001a3   Thumb Code     0  stm32f10x.o(.text)
    DMAChannel4_IRQHandler                   0x080001a3   Thumb Code     0  stm32f10x.o(.text)
    DMAChannel5_IRQHandler                   0x080001a3   Thumb Code     0  stm32f10x.o(.text)
    DMAChannel6_IRQHandler                   0x080001a3   Thumb Code     0  stm32f10x.o(.text)
    DMAChannel7_IRQHandler                   0x080001a3   Thumb Code     0  stm32f10x.o(.text)
    EXTI0_IRQHandler                         0x080001a3   Thumb Code     0  stm32f10x.o(.text)
    EXTI15_10_IRQHandler                     0x080001a3   Thumb Code     0  stm32f10x.o(.text)
    EXTI1_IRQHandler                         0x080001a3   Thumb Code     0  stm32f10x.o(.text)
    EXTI2_IRQHandler                         0x080001a3   Thumb Code     0  stm32f10x.o(.text)
    EXTI3_IRQHandler                         0x080001a3   Thumb Code     0  stm32f10x.o(.text)
    EXTI4_IRQHandler                         0x080001a3   Thumb Code     0  stm32f10x.o(.text)
    EXTI9_5_IRQHandler                       0x080001a3   Thumb Code     0  stm32f10x.o(.text)
    FLASH_IRQHandler                         0x080001a3   Thumb Code     0  stm32f10x.o(.text)
    I2C1_ER_IRQHandler                       0x080001a3   Thumb Code     0  stm32f10x.o(.text)
    I2C1_EV_IRQHandler                       0x080001a3   Thumb Code     0  stm32f10x.o(.text)
    I2C2_ER_IRQHandler                       0x080001a3   Thumb Code     0  stm32f10x.o(.text)
    I2C2_EV_IRQHandler                       0x080001a3   Thumb Code     0  stm32f10x.o(.text)
    PVD_IRQHandler                           0x080001a3   Thumb Code     0  stm32f10x.o(.text)
    RCC_IRQHandler                           0x080001a3   Thumb Code     0  stm32f10x.o(.text)
    RTCAlarm_IRQHandler                      0x080001a3   Thumb Code     0  stm32f10x.o(.text)
    RTC_IRQHandler                           0x080001a3   Thumb Code     0  stm32f10x.o(.text)
    SPI1_IRQHandler                          0x080001a3   Thumb Code     0  stm32f10x.o(.text)
    SPI2_IRQHandler                          0x080001a3   Thumb Code     0  stm32f10x.o(.text)
    TAMPER_IRQHandler                        0x080001a3   Thumb Code     0  stm32f10x.o(.text)
    TIM1_BRK_IRQHandler                      0x080001a3   Thumb Code     0  stm32f10x.o(.text)
    TIM1_CC_IRQHandler                       0x080001a3   Thumb Code     0  stm32f10x.o(.text)
    TIM1_TRG_COM_IRQHandler                  0x080001a3   Thumb Code     0  stm32f10x.o(.text)
    TIM1_UP_IRQHandler                       0x080001a3   Thumb Code     0  stm32f10x.o(.text)
    TIM2_IRQHandler                          0x080001a3   Thumb Code     0  stm32f10x.o(.text)
    TIM3_IRQHandler                          0x080001a3   Thumb Code     0  stm32f10x.o(.text)
    TIM4_IRQHandler                          0x080001a3   Thumb Code     0  stm32f10x.o(.text)
    USART1_IRQHandler                        0x080001a3   Thumb Code     0  stm32f10x.o(.text)
    USART3_IRQHandler                        0x080001a3   Thumb Code     0  stm32f10x.o(.text)
    USBWakeUp_IRQHandler                     0x080001a3   Thumb Code     0  stm32f10x.o(.text)
    USB_HP_CAN_TX_IRQHandler                 0x080001a3   Thumb Code     0  stm32f10x.o(.text)
    USB_LP_CAN_RX0_IRQHandler                0x080001a3   Thumb Code     0  stm32f10x.o(.text)
    WWDG_IRQHandler                          0x080001a3   Thumb Code     0  stm32f10x.o(.text)
    __user_initial_stackheap                 0x080001a5   Thumb Code     0  stm32f10x.o(.text)
    stm32_Init                               0x080001c1   Thumb Code   100  stm32_init.o(.text)
    delay_us                                 0x080002d9   Thumb Code    10  main.o(.text)
    Delay                                    0x080002e3   Thumb Code    14  main.o(.text)
    dac_init                                 0x080002f1   Thumb Code    18  main.o(.text)
    adc_init                                 0x08000303   Thumb Code    48  main.o(.text)
    rele_hndl                                0x08000333   Thumb Code    30  main.o(.text)
    adc_drv                                  0x08000351   Thumb Code    86  main.o(.text)
    start_play                               0x080003a7   Thumb Code   108  main.o(.text)
    u_min_hndl                               0x08000413   Thumb Code    74  main.o(.text)
    bcd2ind_zero                             0x0800045d   Thumb Code    72  main.o(.text)
    bcd2ind                                  0x080004a5   Thumb Code    36  main.o(.text)
    int2ind_slkuf                            0x080004c9   Thumb Code   110  main.o(.text)
    ind_hndl                                 0x08000537   Thumb Code   786  main.o(.text)
    but_drv                                  0x08000849   Thumb Code   214  main.o(.text)
    lamp_drv                                 0x0800091f   Thumb Code    68  main.o(.text)
    process_hndl                             0x08000963   Thumb Code    90  main.o(.text)
    but_an                                   0x080009bd   Thumb Code   830  main.o(.text)
    SysTick_Handler                          0x08000cfb   Thumb Code   454  main.o(.text)
    main                                     0x08000ec1   Thumb Code   336  main.o(.text)
    bin2bcd_int                              0x08001011   Thumb Code    30  common_func.o(.text)
    df_port_cs_en                            0x08001035   Thumb Code    12  at45.o(.text)
    df_port_cs_dis                           0x08001041   Thumb Code    12  at45.o(.text)
    df_spi                                   0x0800104d   Thumb Code    22  at45.o(.text)
    df_spi_init                              0x08001063   Thumb Code    88  at45.o(.text)
    DF_status_read                           0x080010bb   Thumb Code    32  at45.o(.text)
    DF_mf_dev_read                           0x080010db   Thumb Code    52  at45.o(.text)
    DF_page_to_buffer                        0x0800110f   Thumb Code    56  at45.o(.text)
    DF_buffer_to_page_er                     0x08001147   Thumb Code    56  at45.o(.text)
    DF_buffer_read                           0x0800117f   Thumb Code    84  at45.o(.text)
    DF_buffer_write                          0x080011d3   Thumb Code    76  at45.o(.text)
    DF_memo_to_256                           0x0800121f   Thumb Code    40  at45.o(.text)
    ibatton_an                               0x0800125d   Thumb Code   396  ibatton.o(.text)
    ibatton_rts                              0x080013e9   Thumb Code   102  ibatton.o(.text)
    ibatton_read_byte                        0x0800144f   Thumb Code    34  ibatton.o(.text)
    ibatton_w0ts                             0x08001471   Thumb Code    72  ibatton.o(.text)
    ibatton_w1ts                             0x080014b9   Thumb Code    72  ibatton.o(.text)
    ibatton_send_byte                        0x08001501   Thumb Code    32  ibatton.o(.text)
    ibatton_read_rom                         0x08001521   Thumb Code    62  ibatton.o(.text)
    ibatton_polling                          0x0800155f   Thumb Code   168  ibatton.o(.text)
    ibatton_drv                              0x08001607   Thumb Code   136  ibatton.o(.text)
    memo_read                                0x08001691   Thumb Code   264  memo.o(.text)
    _24c01_write_2byte                       0x080017b9   Thumb Code    64  24c01.o(.text)
    _24c01_write_4byte                       0x080017f9   Thumb Code    86  24c01.o(.text)
    _24c01_read_2byte                        0x0800184f   Thumb Code    84  24c01.o(.text)
    _24c01_read_4byte                        0x080018a3   Thumb Code   132  24c01.o(.text)
    i2c_Start                                0x08001929   Thumb Code    46  i2c.o(.text)
    i2c_Restart                              0x08001957   Thumb Code    60  i2c.o(.text)
    i2c_ReadAcknowledge                      0x08001993   Thumb Code    80  i2c.o(.text)
    i2c_ReadByte                             0x080019e3   Thumb Code   122  i2c.o(.text)
    i2c_SendAcknowledge                      0x08001a5d   Thumb Code    90  i2c.o(.text)
    i2c_SendByte                             0x08001ab7   Thumb Code   118  i2c.o(.text)
    i2c_Stop                                 0x08001b2d   Thumb Code    52  i2c.o(.text)
    gran_ring_char                           0x08001b6d   Thumb Code    22  gran.o(.text)
    gran_char                                0x08001b83   Thumb Code    22  gran.o(.text)
    gran                                     0x08001b99   Thumb Code    22  gran.o(.text)
    gran_ring                                0x08001baf   Thumb Code    22  gran.o(.text)
    putchar2                                 0x08001bc5   Thumb Code    54  uart0.o(.text)
    uart_out2                                0x08001bfb   Thumb Code    86  uart0.o(.text)
    uart_out_adr_block                       0x08001c51   Thumb Code   102  uart0.o(.text)
    uart_in_an2                              0x08001cb7   Thumb Code  1898  uart0.o(.text)
    index_offset2                            0x08002421   Thumb Code    28  uart0.o(.text)
    control_check2                           0x0800243d   Thumb Code    74  uart0.o(.text)
    uart_in2                                 0x08002487   Thumb Code   146  uart0.o(.text)
    USART2_IRQHandler                        0x08002519   Thumb Code   142  uart0.o(.text)
    __use_two_region_memory                  0x080025b5   Thumb Code     2  heapauxi.o(.text)
    __rt_heap_escrow$2region                 0x080025b7   Thumb Code     2  heapauxi.o(.text)
    __rt_heap_expand$2region                 0x080025b9   Thumb Code     2  heapauxi.o(.text)
    __user_setup_stackheap                   0x080025bb   Thumb Code    74  sys_stackheap_outer.o(.text)
    exit                                     0x08002605   Thumb Code    12  exit.o(.text)
    __user_libspace                          0x08002611   Thumb Code     8  libspace.o(.text)
    __user_perproc_libspace                  0x08002611   Thumb Code     0  libspace.o(.text)
    __user_perthread_libspace                0x08002611   Thumb Code     0  libspace.o(.text)
    __rt_fp_status_addr                      0x08002619   Thumb Code     8  rt_fp_status_addr_intlibspace.o(.text)
    _sys_exit                                0x08002621   Thumb Code     8  sys_exit.o(.text)
    __I$use$semihosting                      0x0800262d   Thumb Code     0  use_no_semi.o(.text)
    __use_no_semihosting_swi                 0x0800262d   Thumb Code     2  use_no_semi.o(.text)
    _fp_init                                 0x0800262f   Thumb Code    14  fpinit.o(x$fpl$fpinit)
    __fplib_config_pureend_doubles           0x0800263b   Thumb Code     0  fpinit.o(x$fpl$fpinit)
    IND_CONST                                0x0800263c   Data          20  main.o(.constdata)
    STROB                                    0x08002650   Data          10  main.o(.constdata)
    ADR_EE_IBATTON                           0x0800265a   Data          20  eeprom_map.o(.constdata)
    ADR_EE_FILE                              0x0800266e   Data          20  eeprom_map.o(.constdata)
    ADR_EE_LEN_FILE                          0x08002682   Data          20  eeprom_map.o(.constdata)
    Region$$Table$$Base                      0x08002698   Number         0  anon$$obj.o(Region$$Table)
    Region$$Table$$Limit                     0x080026b8   Number         0  anon$$obj.o(Region$$Table)
    u_min_cnt                                0x20000000   Data           1  main.o(.data)
    bUMIN                                    0x20000001   Data           1  main.o(.data)
    b1000Hz                                  0x20000002   Data           1  main.o(.data)
    b100Hz                                   0x20000003   Data           1  main.o(.data)
    b50Hz                                    0x20000004   Data           1  main.o(.data)
    b10Hz                                    0x20000005   Data           1  main.o(.data)
    b5Hz                                     0x20000006   Data           1  main.o(.data)
    b2Hz                                     0x20000007   Data           1  main.o(.data)
    b1Hz                                     0x20000008   Data           1  main.o(.data)
    bFL5                                     0x20000009   Data           1  main.o(.data)
    bFL2                                     0x2000000a   Data           1  main.o(.data)
    bFL                                      0x2000000b   Data           1  main.o(.data)
    strob_cnt                                0x2000000c   Data           1  main.o(.data)
    zero_on                                  0x2000000d   Data           1  main.o(.data)
    ind_cnt_                                 0x2000000e   Data           1  main.o(.data)
    pvlk                                     0x2000000f   Data           1  main.o(.data)
    play                                     0x20000010   Data           1  main.o(.data)
    bBUFF_READ_L                             0x20000011   Data           1  main.o(.data)
    bBUFF_READ_H                             0x20000012   Data           1  main.o(.data)
    bBUFF_LOAD_L                             0x20000013   Data           1  main.o(.data)
    bBUFF_LOAD_H                             0x20000014   Data           1  main.o(.data)
    lamp_cnt                                 0x20000015   Data           1  main.o(.data)
    but                                      0x20000016   Data           1  main.o(.data)
    but0_cnt                                 0x20000017   Data           1  main.o(.data)
    but1_cnt                                 0x20000018   Data           1  main.o(.data)
    but_onL_temp                             0x20000019   Data           1  main.o(.data)
    speed                                    0x2000001a   Data           1  main.o(.data)
    l_but                                    0x2000001b   Data           1  main.o(.data)
    n_but                                    0x2000001c   Data           1  main.o(.data)
    in_drv_cnt                               0x2000001d   Data           1  main.o(.data)
    in_stop_drv_cnt                          0x2000001e   Data           1  main.o(.data)
    bIN                                      0x2000001f   Data           1  main.o(.data)
    bIN_STOP                                 0x20000020   Data           1  main.o(.data)
    u_min_hndl_cnt                           0x20000021   Data           1  main.o(.data)
    adc_cnt                                  0x20000022   Data           1  main.o(.data)
    strob_cnt51                              0x20000023   Data           1  main.o(.data)
    t0cnt                                    0x20000024   Data           2  main.o(.data)
    t0cnt0                                   0x20000026   Data           2  main.o(.data)
    t0cnt1                                   0x20000028   Data           2  main.o(.data)
    t0cnt2                                   0x2000002a   Data           2  main.o(.data)
    t0cnt3                                   0x2000002c   Data           2  main.o(.data)
    t0cnt4                                   0x2000002e   Data           2  main.o(.data)
    t0cnt5                                   0x20000030   Data           2  main.o(.data)
    ret_cnt                                  0x20000032   Data           2  main.o(.data)
    time_wrk                                 0x20000034   Data           2  main.o(.data)
    demo_per                                 0x20000036   Data           2  main.o(.data)
    demo_len                                 0x20000038   Data           2  main.o(.data)
    wrk_cnt                                  0x2000003a   Data           2  main.o(.data)
    max_file                                 0x2000003c   Data           2  main.o(.data)
    current_file                             0x2000003e   Data           2  main.o(.data)
    main_demo_cnt                            0x20000040   Data           2  main.o(.data)
    Ku                                       0x20000042   Data           2  main.o(.data)
    U                                        0x20000044   Data           2  main.o(.data)
    current_page_in_memory                   0x20000046   Data           2  main.o(.data)
    last_page                                0x20000048   Data           2  main.o(.data)
    sample                                   0x2000004a   Data           2  main.o(.data)
    sample_cnt                               0x2000004c   Data           2  main.o(.data)
    sound_imit                               0x2000004e   Data           2  main.o(.data)
    fisk_cnt                                 0x20000050   Data           2  main.o(.data)
    MAIN_TIME                                0x20000052   Data           2  main.o(.data)
    NUM_OF_FILES                             0x20000054   Data           2  main.o(.data)
    MAIN_CNT                                 0x20000056   Data           2  main.o(.data)
    adc_buff_                                0x20000058   Data           2  main.o(.data)
    SysTickCnt                               0x2000005c   Data           4  main.o(.data)
    but_n                                    0x20000060   Data           4  main.o(.data)
    but_s                                    0x20000064   Data           4  main.o(.data)
    ind_out_                                 0x20000068   Data           5  main.o(.data)
    dig                                      0x2000006d   Data           5  main.o(.data)
    a                                        0x20000072   Data           5  main.o(.data)
    parol                                    0x20000077   Data           5  main.o(.data)
    ind_out                                  0x2000007c   Data          10  main.o(.data)
    i_batton_num                             0x20000086   Data           2  main.o(.data)
    file_lengt                               0x20000088   Data           4  main.o(.data)
    file_lengt_in_pages                      0x2000008c   Data           2  main.o(.data)
    current_page_in_file                     0x2000008e   Data           2  main.o(.data)
    current_byte_in_buffer                   0x20000090   Data           2  main.o(.data)
    file_num                                 0x20000092   Data           2  main.o(.data)
    ibatton_n                                0x20000094   Data           1  ibatton.o(.data)
    ibatton_n_                               0x20000095   Data           1  ibatton.o(.data)
    ibatton_an_plazma                        0x20000096   Data           1  ibatton.o(.data)
    ibatton_an_plazma_                       0x20000097   Data           1  ibatton.o(.data)
    ibatton_repeat_cnt                       0x20000098   Data           2  ibatton.o(.data)
    ibatton_new                              0x2000009c   Data           4  ibatton.o(.data)
    ibatton_old                              0x200000a0   Data           4  ibatton.o(.data)
    ibatton                                  0x200000a4   Data           4  ibatton.o(.data)
    ib_pl                                    0x200000a8   Data           5  ibatton.o(.data)
    res                                      0x200000ad   Data           8  ibatton.o(.data)
    ibatton_repeat_cnt_                      0x200000b6   Data           2  ibatton.o(.data)
    memo_read_cnt                            0x200000b8   Data           1  memo.o(.data)
    bRXIN2                                   0x200000ba   Data           1  uart0.o(.data)
    rx_buffer_overflow2                      0x200000bb   Data           1  uart0.o(.data)
    tx2_restart                              0x200000bc   Data           1  uart0.o(.data)
    rx_wr_index2                             0x200000be   Data           2  uart0.o(.data)
    rx_rd_index2                             0x200000c0   Data           2  uart0.o(.data)
    rx_counter2                              0x200000c2   Data           2  uart0.o(.data)
    tx_wr_index2                             0x200000c4   Data           2  uart0.o(.data)
    tx_rd_index2                             0x200000c6   Data           2  uart0.o(.data)
    tx_counter2                              0x200000c8   Data           2  uart0.o(.data)
    uart_plazma                              0x200000ca   Data           5  uart0.o(.data)
    i_batton                                 0x200000d0   Data          40  main.o(.bss)
    file_len                                 0x200000f8   Data          20  main.o(.bss)
    sound_buffer                             0x2000010c   Data         512  main.o(.bss)
    adc_buff                                 0x2000030c   Data          32  main.o(.bss)
    buff                                     0x2000032c   Data        1024  main.o(.bss)
    UIB2                                     0x2000072c   Data         100  uart0.o(.bss)
    rx_buffer2                               0x20000790   Data         512  uart0.o(.bss)
    tx_buffer2                               0x20000990   Data         512  uart0.o(.bss)
    memo_out                                 0x20000b90   Data          50  uart0.o(.bss)
    __libspace_start                         0x20000bc4   Data          96  libspace.o(.bss)
    __temporary_stack_top$libspace           0x20000c24   Data           0  libspace.o(.bss)



==============================================================================

Memory Map of the image

  Image Entry point : 0x080000ed

  Load Region LR_IROM1 (Base: 0x08000000, Size: 0x00002788, Max: 0x00004000, ABSOLUTE)

    Execution Region ER_IROM1 (Base: 0x08000000, Size: 0x000026b8, Max: 0x00004000, ABSOLUTE)

    Base Addr    Size         Type   Attr      Idx    E Section Name        Object

    0x08000000   0x000000ec   Data   RO            3    RESET               stm32f10x.o
    0x080000ec   0x00000008   Code   RO          496  * !!!main             c_w.l(__main.o)
    0x080000f4   0x00000034   Code   RO          658    !!!scatter          c_w.l(__scatter.o)
    0x08000128   0x0000001a   Code   RO          660    !!handler_copy      c_w.l(__scatter_copy.o)
    0x08000142   0x00000002   PAD
    0x08000144   0x0000001c   Code   RO          662    !!handler_zi        c_w.l(__scatter_zi.o)
    0x08000160   0x00000006   Code   RO          528    .ARM.Collect$$libinit$$00000000  c_w.l(libinit.o)
    0x08000166   0x00000000   Code   RO          536    .ARM.Collect$$libinit$$00000006  c_w.l(libinit2.o)
    0x08000166   0x00000000   Code   RO          538    .ARM.Collect$$libinit$$00000008  c_w.l(libinit2.o)
    0x08000166   0x00000000   Code   RO          540    .ARM.Collect$$libinit$$0000000A  c_w.l(libinit2.o)
    0x08000166   0x00000000   Code   RO          543    .ARM.Collect$$libinit$$0000000D  c_w.l(libinit2.o)
    0x08000166   0x00000000   Code   RO          545    .ARM.Collect$$libinit$$0000000F  c_w.l(libinit2.o)
    0x08000166   0x00000000   Code   RO          547    .ARM.Collect$$libinit$$00000011  c_w.l(libinit2.o)
    0x08000166   0x00000000   Code   RO          549    .ARM.Collect$$libinit$$00000013  c_w.l(libinit2.o)
    0x08000166   0x00000000   Code   RO          551    .ARM.Collect$$libinit$$00000015  c_w.l(libinit2.o)
    0x08000166   0x00000000   Code   RO          553    .ARM.Collect$$libinit$$00000017  c_w.l(libinit2.o)
    0x08000166   0x00000000   Code   RO          555    .ARM.Collect$$libinit$$00000019  c_w.l(libinit2.o)
    0x08000166   0x00000000   Code   RO          557    .ARM.Collect$$libinit$$0000001B  c_w.l(libinit2.o)
    0x08000166   0x00000000   Code   RO          559    .ARM.Collect$$libinit$$0000001D  c_w.l(libinit2.o)
    0x08000166   0x00000000   Code   RO          561    .ARM.Collect$$libinit$$0000001F  c_w.l(libinit2.o)
    0x08000166   0x00000000   Code   RO          563    .ARM.Collect$$libinit$$00000021  c_w.l(libinit2.o)
    0x08000166   0x00000000   Code   RO          567    .ARM.Collect$$libinit$$00000028  c_w.l(libinit2.o)
    0x08000166   0x00000000   Code   RO          569    .ARM.Collect$$libinit$$0000002A  c_w.l(libinit2.o)
    0x08000166   0x00000000   Code   RO          571    .ARM.Collect$$libinit$$0000002C  c_w.l(libinit2.o)
    0x08000166   0x00000000   Code   RO          573    .ARM.Collect$$libinit$$0000002E  c_w.l(libinit2.o)
    0x08000166   0x00000002   Code   RO          574    .ARM.Collect$$libinit$$0000002F  c_w.l(libinit2.o)
    0x08000168   0x00000002   Code   RO          600    .ARM.Collect$$libshutdown$$00000000  c_w.l(libshutdown.o)
    0x0800016a   0x00000000   Code   RO          613    .ARM.Collect$$libshutdown$$00000003  c_w.l(libshutdown2.o)
    0x0800016a   0x00000000   Code   RO          616    .ARM.Collect$$libshutdown$$00000006  c_w.l(libshutdown2.o)
    0x0800016a   0x00000000   Code   RO          619    .ARM.Collect$$libshutdown$$00000009  c_w.l(libshutdown2.o)
    0x0800016a   0x00000000   Code   RO          621    .ARM.Collect$$libshutdown$$0000000B  c_w.l(libshutdown2.o)
    0x0800016a   0x00000000   Code   RO          624    .ARM.Collect$$libshutdown$$0000000E  c_w.l(libshutdown2.o)
    0x0800016a   0x00000002   Code   RO          625    .ARM.Collect$$libshutdown$$0000000F  c_w.l(libshutdown2.o)
    0x0800016c   0x00000000   Code   RO          498    .ARM.Collect$$rtentry$$00000000  c_w.l(rtentry.o)
    0x0800016c   0x00000000   Code   RO          501    .ARM.Collect$$rtentry$$00000002  c_w.l(rtentry2.o)
    0x0800016c   0x00000006   Code   RO          516    .ARM.Collect$$rtentry$$00000004  c_w.l(rtentry4.o)
    0x08000172   0x00000000   Code   RO          503    .ARM.Collect$$rtentry$$00000009  c_w.l(rtentry2.o)
    0x08000172   0x00000004   Code   RO          504    .ARM.Collect$$rtentry$$0000000A  c_w.l(rtentry2.o)
    0x08000176   0x00000000   Code   RO          506    .ARM.Collect$$rtentry$$0000000C  c_w.l(rtentry2.o)
    0x08000176   0x00000008   Code   RO          507    .ARM.Collect$$rtentry$$0000000D  c_w.l(rtentry2.o)
    0x0800017e   0x00000002   Code   RO          532    .ARM.Collect$$rtexit$$00000000  c_w.l(rtexit.o)
    0x08000180   0x00000000   Code   RO          578    .ARM.Collect$$rtexit$$00000002  c_w.l(rtexit2.o)
    0x08000180   0x00000004   Code   RO          579    .ARM.Collect$$rtexit$$00000003  c_w.l(rtexit2.o)
    0x08000184   0x00000006   Code   RO          580    .ARM.Collect$$rtexit$$00000004  c_w.l(rtexit2.o)
    0x0800018a   0x00000002   PAD
    0x0800018c   0x00000034   Code   RO            4    .text               stm32f10x.o
    0x080001c0   0x00000118   Code   RO           10    .text               stm32_init.o
    0x080002d8   0x00000d38   Code   RO          122    .text               main.o
    0x08001010   0x00000024   Code   RO          254    .text               common_func.o
    0x08001034   0x00000228   Code   RO          301    .text               at45.o
    0x0800125c   0x00000432   Code   RO          320    .text               ibatton.o
    0x0800168e   0x00000002   PAD
    0x08001690   0x00000128   Code   RO          339    .text               memo.o
    0x080017b8   0x0000016e   Code   RO          355    .text               24c01.o
    0x08001926   0x00000002   PAD
    0x08001928   0x00000244   Code   RO          379    .text               i2c.o
    0x08001b6c   0x00000058   Code   RO          430    .text               gran.o
    0x08001bc4   0x000009f0   Code   RO          442    .text               uart0.o
    0x080025b4   0x00000006   Code   RO          494    .text               c_w.l(heapauxi.o)
    0x080025ba   0x0000004a   Code   RO          518    .text               c_w.l(sys_stackheap_outer.o)
    0x08002604   0x0000000c   Code   RO          520    .text               c_w.l(exit.o)
    0x08002610   0x00000008   Code   RO          529    .text               c_w.l(libspace.o)
    0x08002618   0x00000008   Code   RO          588    .text               c_w.l(rt_fp_status_addr_intlibspace.o)
    0x08002620   0x0000000c   Code   RO          592    .text               c_w.l(sys_exit.o)
    0x0800262c   0x00000002   Code   RO          603    .text               c_w.l(use_no_semi.o)
    0x0800262e   0x0000000e   Code   RO          575    x$fpl$fpinit        fz_ws.l(fpinit.o)
    0x0800263c   0x0000001e   Data   RO          132    .constdata          main.o
    0x0800265a   0x00000014   Data   RO          287    .constdata          eeprom_map.o
    0x0800266e   0x00000014   Data   RO          288    .constdata          eeprom_map.o
    0x08002682   0x00000014   Data   RO          289    .constdata          eeprom_map.o
    0x08002696   0x00000002   PAD
    0x08002698   0x00000020   Data   RO          656    Region$$Table       anon$$obj.o


    Execution Region RW_IRAM1 (Base: 0x20000000, Size: 0x00000e28, Max: 0x00001000, ABSOLUTE)

    Base Addr    Size         Type   Attr      Idx    E Section Name        Object

    0x20000000   0x00000086   Data   RW          139    .data               main.o
    0x20000086   0x00000002   Data   RW          158    .data               main.o
    0x20000088   0x00000004   Data   RW          160    .data               main.o
    0x2000008c   0x00000002   Data   RW          161    .data               main.o
    0x2000008e   0x00000002   Data   RW          162    .data               main.o
    0x20000090   0x00000002   Data   RW          163    .data               main.o
    0x20000092   0x00000002   Data   RW          166    .data               main.o
    0x20000094   0x00000021   Data   RW          321    .data               ibatton.o
    0x200000b5   0x00000001   PAD
    0x200000b6   0x00000002   Data   RW          322    .data               ibatton.o
    0x200000b8   0x00000001   Data   RW          340    .data               memo.o
    0x200000b9   0x00000001   PAD
    0x200000ba   0x00000015   Data   RW          447    .data               uart0.o
    0x200000cf   0x00000001   PAD
    0x200000d0   0x0000025c   Zero   RW          130    .bss                main.o
    0x2000032c   0x00000400   Zero   RW          131    .bss                main.o
    0x2000072c   0x00000496   Zero   RW          445    .bss                uart0.o
    0x20000bc2   0x00000002   PAD
    0x20000bc4   0x00000060   Zero   RW          530    .bss                c_w.l(libspace.o)
    0x20000c24   0x00000004   PAD
    0x20000c28   0x00000000   Zero   RW            2    HEAP                stm32f10x.o
    0x20000c28   0x00000200   Zero   RW            1    STACK               stm32f10x.o


==============================================================================

Image component sizes


      Code (inc. data)   RO Data    RW Data    ZI Data      Debug   Object Name

       366          0          0          0          0       1404   24c01.o
       552         22          0          0          0       3019   at45.o
        36          6          0          0          0        462   common_func.o
         0          0         60          0          0        485   eeprom_map.o
        88          0          0          0          0       1022   gran.o
       580         12          0          0          0       1659   i2c.o
      1074         40          0         35          0       4187   ibatton.o
      3384        144         30        148       1628      13086   main.o
       296         32          0          1          0        700   memo.o
       280         44          0          0          0       7797   stm32_init.o
        52         18        236          0        512        720   stm32f10x.o
      2544         78          0         21       1174       5917   uart0.o

    ----------------------------------------------------------------------
      9256        396        360        208       3316      40458   Object Totals
         0          0         32          0          0          0   (incl. Generated)
         4          0          2          3          2          2   (incl. Padding)

    ----------------------------------------------------------------------

      Code (inc. data)   RO Data    RW Data    ZI Data      Debug   Library Member Name

         8          0          0          0          0         68   __main.o
        52          8          0          0          0          0   __scatter.o
        26          0          0          0          0          0   __scatter_copy.o
        28          0          0          0          0          0   __scatter_zi.o
        12          0          0          0          0         68   exit.o
         6          0          0          0          0        152   heapauxi.o
         6          0          0          0          0          0   libinit.o
         2          0          0          0          0          0   libinit2.o
         2          0          0          0          0          0   libshutdown.o
         2          0          0          0          0          0   libshutdown2.o
         8          4          0          0         96         68   libspace.o
         8          4          0          0          0         68   rt_fp_status_addr_intlibspace.o
         0          0          0          0          0          0   rtentry.o
        12          0          0          0          0          0   rtentry2.o
         6          0          0          0          0          0   rtentry4.o
         2          0          0          0          0          0   rtexit.o
        10          0          0          0          0          0   rtexit2.o
        12          4          0          0          0         68   sys_exit.o
        74          0          0          0          0         80   sys_stackheap_outer.o
         2          0          0          0          0         68   use_no_semi.o
        14          0          0          0          0         76   fpinit.o

    ----------------------------------------------------------------------
       296         20          0          0        100        716   Library Totals
         4          0          0          0          4          0   (incl. Padding)

    ----------------------------------------------------------------------

      Code (inc. data)   RO Data    RW Data    ZI Data      Debug   Library Name

       278         20          0          0         96        640   c_w.l
        14          0          0          0          0         76   fz_ws.l

    ----------------------------------------------------------------------
       296         20          0          0        100        716   Library Totals

    ----------------------------------------------------------------------

==============================================================================


      Code (inc. data)   RO Data    RW Data    ZI Data      Debug   

      9552        416        360        208       3416      39928   Grand Totals
      9552        416        360        208       3416      39928   ELF Image Totals
      9552        416        360        208          0          0   ROM Totals

==============================================================================

    Total RO  Size (Code + RO Data)                 9912 (   9.68kB)
    Total RW  Size (RW Data + ZI Data)              3624 (   3.54kB)
    Total ROM Size (Code + RO Data + RW Data)      10120 (   9.88kB)

==============================================================================

